MIB search path: c:/usr/share/snmp/mibs
Cannot find module (IP-MIB): At line 0 in (none)
Cannot find module (IF-MIB): At line 0 in (none)
Cannot find module (TCP-MIB): At line 0 in (none)
Cannot find module (UDP-MIB): At line 0 in (none)
Cannot find module (HOST-RESOURCES-MIB): At line 0 in (none)
Cannot find module (SNMPv2-MIB): At line 0 in (none)
Cannot find module (SNMPv2-SMI): At line 0 in (none)
Cannot find module (NOTIFICATION-LOG-MIB): At line 0 in (none)
Cannot find module (UCD-SNMP-MIB): At line 0 in (none)
Cannot find module (UCD-DEMO-MIB): At line 0 in (none)
Cannot find module (SNMP-TARGET-MIB): At line 0 in (none)
Cannot find module (NET-SNMP-AGENT-MIB): At line 0 in (none)
Cannot find module (DISMAN-EVENT-MIB): At line 0 in (none)
Cannot find module (SNMP-VIEW-BASED-ACM-MIB): At line 0 in (none)
Cannot find module (SNMP-COMMUNITY-MIB): At line 0 in (none)
Cannot find module (SNMP-FRAMEWORK-MIB): At line 0 in (none)
Cannot find module (SNMP-MPD-MIB): At line 0 in (none)
Cannot find module (SNMP-USER-BASED-SM-MIB): At line 0 in (none)
Cannot find module (SNMP-NOTIFICATION-MIB): At line 0 in (none)
Cannot find module (SNMPv2-TM): At line 0 in (none)
{"tool":"phpunit","result":"failed","tests":25,"passed":15,"assertions":41,"duration_ms":6463,"failed":7,"failures":[{"test":"Tests\\Feature\\Auth\\PasswordConfirmationTest::test_password_can_be_confirmed","file":"C:\\Users\\raiha\\.gemini\\antigravity\\scratch\\technova\\tests\\Feature\\Auth\\PasswordConfirmationTest.php","line":22,"message":"Expected response status code [201, 301, 302, 303, 307, 308] but received 500.\nFailed asserting that false is true.\r\n\r\nThe following exception occurred during the last request:\n\nSymfony\\Component\\Routing\\Exception\\RouteNotFoundException: Route [dashboard] not defined. in C:\\Users\\raiha\\.gemini\\antigravity\\scratch\\technova\\vendor\\laravel\\framework\\src\\Illuminate\\Routing\\UrlGenerator.php:546\nStack trace:\n#0 C:\\Users\\raiha\\.gemini\\antigravity\\scratch\\technova\\vendor\\laravel\\framework\\src\\Illuminate\\Foundation\\helpers.php(870): Illuminate\\Routing\\UrlGenerator->route('dashboard', Array, false)\n#1 C:\\Users\\raiha\\.gemini\\antigravity\\scratch\\technova\\app\\Http\\Controllers\\Auth\\ConfirmablePasswordController.php(38): route('dashboard', Array, false)\n#2 C:\\Users\\raiha\\.gemini\\antigravity\\scratch\\technova\\vendor\\laravel\\framework\\src\\Illuminate\\Routing\\ControllerDispatcher.php(46): App\\Http\\Controllers\\Auth\\ConfirmablePasswordController->store(Object(Illuminate\\Http\\Request))\n#3 C:\\Users\\raiha\\.gemini\\antigravity\\scratch\\technova\\vendor\\laravel\\framework\\src\\Illuminate\\Routing\\Route.php(269): Illuminate\\Routing\\ControllerDispatcher->dispatch(Object(Illuminate\\Routing\\Route), Object(App\\Http\\Controllers\\Auth\\ConfirmablePasswordController), 'store')\n#4 C:\\Users\\raiha\\.gemini\\antigravity\\scratch\\technova\\vendor\\laravel\\framework\\src\\Illuminate\\Routing\\Route.php(215): Illuminate\\Routing\\Route->runController()\n#5 C:\\Users\\raiha\\.gemini\\antigravity\\scratch\\technova\\vendor\\laravel\\framework\\src\\Illuminate\\Routing\\Router.php(822): Illuminate\\Routing\\Route->run()\n#6 C:\\Users\\raiha\\.gemini\\antigravity\\scratch\\technova\\vendor\\laravel\\framework\\src\\Illuminate\\Pipeline\\Pipeline.php(180): Illuminate\\Routing\\Router->Illuminate\\Routing\\{closure}(Object(Illuminate\\Http\\Request))\n#7 C:\\Users\\raiha\\.gemini\\antigravity\\scratch\\technova\\vendor\\laravel\\framework\\src\\Illuminate\\Routing\\Middleware\\SubstituteBindings.php(52): Illuminate\\Pipeline\\Pipeline->Illuminate\\Pipeline\\{closure}(Object(Illuminate\\Http\\Request))\n#8 C:\\Users\\raiha\\.gemini\\antigravity\\scratch\\technova\\vendor\\laravel\\framework\\src\\Illuminate\\Pipeline\\Pipeline.php(219): Illuminate\\Routing\\Middleware\\SubstituteBindings->handle(Object(Illuminate\\Http\\Request), Object(Closure))\n#9 C:\\Users\\raiha\\.gemini\\antigravity\\scratch\\technova\\vendor\\laravel\\framework\\src\\Illuminate\\Auth\\Middleware\\Authenticate.php(63): Illuminate\\Pipeline\\Pipeline->Illuminate\\Pipeline\\{closure}(Object(Illuminate\\Http\\Request))\n#10 C:\\Users\\raiha\\.gemini\\antigravity\\scratch\\technova\\vendor\\laravel\\framework\\src\\Illuminate\\Pipeline\\Pipeline.php(219): Illuminate\\Auth\\Middleware\\Authenticate->handle(Object(Illuminate\\Http\\Request), Object(Closure))\n#11 C:\\Users\\raiha\\.gemini\\antigravity\\scratch\\technova\\vendor\\laravel\\framework\\src\\Illuminate\\Foundation\\Http\\Middleware\\PreventRequestForgery.php(104): Illuminate\\Pipeline\\Pipeline->Illuminate\\Pipeline\\{closure}(Object(Illuminate\\Http\\Request))\n#12 C:\\Users\\raiha\\.gemini\\antigravity\\scratch\\technova\\vendor\\laravel\\framework\\src\\Illuminate\\Pipeline\\Pipeline.php(219): Illuminate\\Foundation\\Http\\Middleware\\PreventRequestForgery->handle(Object(Illuminate\\Http\\Request), Object(Closure))\n#13 C:\\Users\\raiha\\.gemini\\antigravity\\scratch\\technova\\vendor\\laravel\\framework\\src\\Illuminate\\View\\Middleware\\ShareErrorsFromSession.php(48): Illuminate\\Pipeline\\Pipeline->Illuminate\\Pipeline\\{closure}(Object(Illuminate\\Http\\Request))\n#14 C:\\Users\\raiha\\.gemini\\antigravity\\scratch\\technova\\vendor\\laravel\\framework\\src\\Illuminate\\Pipeline\\Pipeline.php(219): Illuminate\\View\\Middleware\\ShareErrorsFromSession->handle(Object(Illuminate\\Http\\Request), Object(Closure))\n#15 C:\\Users\\raiha\\.gemini\\antigravity\\scratch\\technova\\vendor\\laravel\\framework\\src\\Illuminate\\Session\\Middleware\\StartSession.php(120): Illuminate\\Pipeline\\Pipeline->Illuminate\\Pipeline\\{closure}(Object(Illuminate\\Http\\Request))\n#16 C:\\Users\\raiha\\.gemini\\antigravity\\scratch\\technova\\vendor\\laravel\\framework\\src\\Illuminate\\Session\\Middleware\\StartSession.php(63): Illuminate\\Session\\Middleware\\StartSession->handleStatefulRequest(Object(Illuminate\\Http\\Request), Object(Illuminate\\Session\\Store), Object(Closure))\n#17 C:\\Users\\raiha\\.gemini\\antigravity\\scratch\\technova\\vendor\\laravel\\framework\\src\\Illuminate\\Pipeline\\Pipeline.php(219): Illuminate\\Session\\Middleware\\StartSession->handle(Object(Illuminate\\Http\\Request), Object(Closure))\n#18 C:\\Users\\raiha\\.gemini\\antigravity\\scratch\\technova\\vendor\\laravel\\framework\\src\\Illuminate\\Cookie\\Middleware\\AddQueuedCookiesToResponse.php(36): Illuminate\\Pipeline\\Pipeline->Illuminate\\Pipeline\\{closure}(Object(Illuminate\\Http\\Request))\n#19 C:\\Users\\raiha\\.gemini\\antigravity\\scratch\\technova\\vendor\\laravel\\framework\\src\\Illuminate\\Pipeline\\Pipeline.php(219): Illuminate\\Cookie\\Middleware\\AddQueuedCookiesToResponse->handle(Object(Illuminate\\Http\\Request), Object(Closure))\n#20 C:\\Users\\raiha\\.gemini\\antigravity\\scratch\\technova\\vendor\\laravel\\framework\\src\\Illuminate\\Cookie\\Middleware\\EncryptCookies.php(74): Illuminate\\Pipeline\\Pipeline->Illuminate\\Pipeline\\{closure}(Object(Illuminate\\Http\\Request))\n#21 C:\\Users\\raiha\\.gemini\\antigravity\\scratch\\technova\\vendor\\laravel\\framework\\src\\Illuminate\\Pipeline\\Pipeline.php(219): Illuminate\\Cookie\\Middleware\\EncryptCookies->handle(Object(Illuminate\\Http\\Request), Object(Closure))\n#22 C:\\Users\\raiha\\.gemini\\antigravity\\scratch\\technova\\vendor\\laravel\\framework\\src\\Illuminate\\Pipeline\\Pipeline.php(137): Illuminate\\Pipeline\\Pipeline->Illuminate\\Pipeline\\{closure}(Object(Illuminate\\Http\\Request))\n#23 C:\\Users\\raiha\\.gemini\\antigravity\\scratch\\technova\\vendor\\laravel\\framework\\src\\Illuminate\\Routing\\Router.php(821): Illuminate\\Pipeline\\Pipeline->then(Object(Closure))\n#24 C:\\Users\\raiha\\.gemini\\antigravity\\scratch\\technova\\vendor\\laravel\\framework\\src\\Illuminate\\Routing\\Router.php(800): Illuminate\\Routing\\Router->runRouteWithinStack(Object(Illuminate\\Routing\\Route), Object(Illuminate\\Http\\Request))\n#25 C:\\Users\\raiha\\.gemini\\antigravity\\scratch\\technova\\vendor\\laravel\\framework\\src\\Illuminate\\Routing\\Router.php(764): Illuminate\\Routing\\Router->runRoute(Object(Illuminate\\Http\\Request), Object(Illuminate\\Routing\\Route))\n#26 C:\\Users\\raiha\\.gemini\\antigravity\\scratch\\technova\\vendor\\laravel\\framework\\src\\Illuminate\\Routing\\Router.php(753): Illuminate\\Routing\\Router->dispatchToRoute(Object(Illuminate\\Http\\Request))\n#27 C:\\Users\\raiha\\.gemini\\antigravity\\scratch\\technova\\vendor\\laravel\\framework\\src\\Illuminate\\Foundation\\Http\\Kernel.php(200): Illuminate\\Routing\\Router->dispatch(Object(Illuminate\\Http\\Request))\n#28 C:\\Users\\raiha\\.gemini\\antigravity\\scratch\\technova\\vendor\\laravel\\framework\\src\\Illuminate\\Pipeline\\Pipeline.php(180): Illuminate\\Foundation\\Http\\Kernel->Illuminate\\Foundation\\Http\\{closure}(Object(Illuminate\\Http\\Request))\n#29 C:\\Users\\raiha\\.gemini\\antigravity\\scratch\\technova\\vendor\\laravel\\framework\\src\\Illuminate\\Foundation\\Http\\Middleware\\TransformsRequest.php(21): Illuminate\\Pipeline\\Pipeline->Illuminate\\Pipeline\\{closure}(Object(Illuminate\\Http\\Request))\n#30 C:\\Users\\raiha\\.gemini\\antigravity\\scratch\\technova\\vendor\\laravel\\framework\\src\\Illuminate\\Foundation\\Http\\Middleware\\ConvertEmptyStringsToNull.php(31): Illuminate\\Foundation\\Http\\Middleware\\TransformsRequest->handle(Object(Illuminate\\Http\\Request), Object(Closure))\n#31 C:\\Users\\raiha\\.gemini\\antigravity\\scratch\\technova\\vendor\\laravel\\framework\\src\\Illuminate\\Pipeline\\Pipeline.php(219): Illuminate\\Foundation\\Http\\Middleware\\ConvertEmptyStringsToNull->handle(Object(Illuminate\\Http\\Request), Object(Closure))\n#32 C:\\Users\\raiha\\.gemini\\antigravity\\scratch\\technova\\vendor\\laravel\\framework\\src\\Illuminate\\Foundation\\Http\\Middleware\\TransformsRequest.php(21): Illuminate\\Pipeline\\Pipeline->Illuminate\\Pipeline\\{closure}(Object(Illuminate\\Http\\Request))\n#33 C:\\Users\\raiha\\.gemini\\antigravity\\scratch\\technova\\vendor\\laravel\\framework\\src\\Illuminate\\Foundation\\Http\\Middleware\\TrimStrings.php(51): Illuminate\\Foundation\\Http\\Middleware\\TransformsRequest->handle(Object(Illuminate\\Http\\Request), Object(Closure))\n#34 C:\\Users\\raiha\\.gemini\\antigravity\\scratch\\technova\\vendor\\laravel\\framework\\src\\Illuminate\\Pipeline\\Pipeline.php(219): Illuminate\\Foundation\\Http\\Middleware\\TrimStrings->handle(Object(Illuminate\\Http\\Request), Object(Closure))\n#35 C:\\Users\\raiha\\.gemini\\antigravity\\scratch\\technova\\vendor\\laravel\\framework\\src\\Illuminate\\Http\\Middleware\\ValidatePostSize.php(27): Illuminate\\Pipeline\\Pipeline->Illuminate\\Pipeline\\{closure}(Object(Illuminate\\Http\\Request))\n#36 C:\\Users\\raiha\\.gemini\\antigravity\\scratch\\technova\\vendor\\laravel\\framework\\src\\Illuminate\\Pipeline\\Pipeline.php(219): Illuminate\\Http\\Middleware\\ValidatePostSize->handle(Object(Illuminate\\Http\\Request), Object(Closure))\n#37 C:\\Users\\raiha\\.gemini\\antigravity\\scratch\\technova\\vendor\\laravel\\framework\\src\\Illuminate\\Foundation\\Http\\Middleware\\PreventRequestsDuringMaintenance.php(109): Illuminate\\Pipeline\\Pipeline->Illuminate\\Pipeline\\{closure}(Object(Illuminate\\Http\\Request))\n#38 C:\\Users\\raiha\\.gemini\\antigravity\\scratch\\technova\\vendor\\laravel\\framework\\src\\Illuminate\\Pipeline\\Pipeline.php(219): Illuminate\\Foundation\\Http\\Middleware\\PreventRequestsDuringMaintenance->handle(Object(Illuminate\\Http\\Request), Object(Closure))\n#39 C:\\Users\\raiha\\.gemini\\antigravity\\scratch\\technova\\vendor\\laravel\\framework\\src\\Illuminate\\Http\\Middleware\\HandleCors.php(61): Illuminate\\Pipeline\\Pipeline->Illuminate\\Pipeline\\{closure}(Object(Illuminate\\Http\\Request))\n#40 C:\\Users\\raiha\\.gemini\\antigravity\\scratch\\technova\\vendor\\laravel\\framework\\src\\Illuminate\\Pipeline\\Pipeline.php(219): Illuminate\\Http\\Middleware\\HandleCors->handle(Object(Illuminate\\Http\\Request), Object(Closure))\n#41 C:\\Users\\raiha\\.gemini\\antigravity\\scratch\\technova\\vendor\\laravel\\framework\\src\\Illuminate\\Http\\Middleware\\TrustProxies.php(58): Illuminate\\Pipeline\\Pipeline->Illuminate\\Pipeline\\{closure}(Object(Illuminate\\Http\\Request))\n#42 C:\\Users\\raiha\\.gemini\\antigravity\\scratch\\technova\\vendor\\laravel\\framework\\src\\Illuminate\\Pipeline\\Pipeline.php(219): Illuminate\\Http\\Middleware\\TrustProxies->handle(Object(Illuminate\\Http\\Request), Object(Closure))\n#43 C:\\Users\\raiha\\.gemini\\antigravity\\scratch\\technova\\vendor\\laravel\\framework\\src\\Illuminate\\Foundation\\Http\\Middleware\\InvokeDeferredCallbacks.php(22): Illuminate\\Pipeline\\Pipeline->Illuminate\\Pipeline\\{closure}(Object(Illuminate\\Http\\Request))\n#44 C:\\Users\\raiha\\.gemini\\antigravity\\scratch\\technova\\vendor\\laravel\\framework\\src\\Illuminate\\Pipeline\\Pipeline.php(219): Illuminate\\Foundation\\Http\\Middleware\\InvokeDeferredCallbacks->handle(Object(Illuminate\\Http\\Request), Object(Closure))\n#45 C:\\Users\\raiha\\.gemini\\antigravity\\scratch\\technova\\vendor\\laravel\\framework\\src\\Illuminate\\Http\\Middleware\\ValidatePathEncoding.php(28): Illuminate\\Pipeline\\Pipeline->Illuminate\\Pipeline\\{closure}(Object(Illuminate\\Http\\Request))\n#46 C:\\Users\\raiha\\.gemini\\antigravity\\scratch\\technova\\vendor\\laravel\\framework\\src\\Illuminate\\Pipeline\\Pipeline.php(219): Illuminate\\Http\\Middleware\\ValidatePathEncoding->handle(Object(Illuminate\\Http\\Request), Object(Closure))\n#47 C:\\Users\\raiha\\.gemini\\antigravity\\scratch\\technova\\vendor\\laravel\\framework\\src\\Illuminate\\Pipeline\\Pipeline.php(137): Illuminate\\Pipeline\\Pipeline->Illuminate\\Pipeline\\{closure}(Object(Illuminate\\Http\\Request))\n#48 C:\\Users\\raiha\\.gemini\\antigravity\\scratch\\technova\\vendor\\laravel\\framework\\src\\Illuminate\\Foundation\\Http\\Kernel.php(175): Illuminate\\Pipeline\\Pipeline->then(Object(Closure))\n#49 C:\\Users\\raiha\\.gemini\\antigravity\\scratch\\technova\\vendor\\laravel\\framework\\src\\Illuminate\\Foundation\\Http\\Kernel.php(144): Illuminate\\Foundation\\Http\\Kernel->sendRequestThroughRouter(Object(Illuminate\\Http\\Request))\n#50 C:\\Users\\raiha\\.gemini\\antigravity\\scratch\\technova\\vendor\\laravel\\framework\\src\\Illuminate\\Foundation\\Testing\\Concerns\\MakesHttpRequests.php(607): Illuminate\\Foundation\\Http\\Kernel->handle(Object(Illuminate\\Http\\Request))\n#51 C:\\Users\\raiha\\.gemini\\antigravity\\scratch\\technova\\vendor\\laravel\\framework\\src\\Illuminate\\Foundation\\Testing\\Concerns\\MakesHttpRequests.php(397): Illuminate\\Foundation\\Testing\\TestCase->call('POST', '/confirm-passwo..', Array, Array, Array, Array)\n#52 C:\\Users\\raiha\\.gemini\\antigravity\\scratch\\technova\\tests\\Feature\\Auth\\PasswordConfirmationTest.php(26): Illuminate\\Foundation\\Testing\\TestCase->post('/confirm-passwo..', Array)\n#53 C:\\Users\\raiha\\.gemini\\antigravity\\scratch\\technova\\vendor\\phpunit\\phpunit\\src\\Framework\\TestCase.php(1314): Tests\\Feature\\Auth\\PasswordConfirmationTest->test_password_can_be_confirmed()\n#54 C:\\Users\\raiha\\.gemini\\antigravity\\scratch\\technova\\vendor\\phpunit\\phpunit\\src\\Framework\\TestCase.php(1351): PHPUnit\\Framework\\TestCase->invokeTestMethod('test_password_c..', Array)\n#55 C:\\Users\\raiha\\.gemini\\antigravity\\scratch\\technova\\vendor\\phpunit\\phpunit\\src\\Framework\\TestCase.php(521): PHPUnit\\Framework\\TestCase->runTest()\n#56 C:\\Users\\raiha\\.gemini\\antigravity\\scratch\\technova\\vendor\\phpunit\\phpunit\\src\\Framework\\TestRunner\\TestRunner.php(99): PHPUnit\\Framework\\TestCase->runBare()\n#57 C:\\Users\\raiha\\.gemini\\antigravity\\scratch\\technova\\vendor\\phpunit\\phpunit\\src\\Framework\\TestCase.php(361): PHPUnit\\Framework\\TestRunner->run(Object(Tests\\Feature\\Auth\\PasswordConfirmationTest))\n#58 C:\\Users\\raiha\\.gemini\\antigravity\\scratch\\technova\\vendor\\phpunit\\phpunit\\src\\Framework\\TestSuite.php(374): PHPUnit\\Framework\\TestCase->run()\n#59 C:\\Users\\raiha\\.gemini\\antigravity\\scratch\\technova\\vendor\\phpunit\\phpunit\\src\\Framework\\TestSuite.php(374): PHPUnit\\Framework\\TestSuite->run()\n#60 C:\\Users\\raiha\\.gemini\\antigravity\\scratch\\technova\\vendor\\phpunit\\phpunit\\src\\Framework\\TestSuite.php(374): PHPUnit\\Framework\\TestSuite->run()\n#61 C:\\Users\\raiha\\.gemini\\antigravity\\scratch\\technova\\vendor\\phpunit\\phpunit\\src\\TextUI\\TestRunner.php(64): PHPUnit\\Framework\\TestSuite->run()\n#62 C:\\Users\\raiha\\.gemini\\antigravity\\scratch\\technova\\vendor\\phpunit\\phpunit\\src\\TextUI\\Application.php(229): PHPUnit\\TextUI\\TestRunner->run(Object(PHPUnit\\TextUI\\Configuration\\Configuration), Object(PHPUnit\\Runner\\ResultCache\\DefaultResultCache), Object(PHPUnit\\Framework\\TestSuite))\n#63 C:\\Users\\raiha\\.gemini\\antigravity\\scratch\\technova\\vendor\\phpunit\\phpunit\\phpunit(104): PHPUnit\\TextUI\\Application->run(Array)\n#64 {main}\n\n----------------------------------------------------------------------------------\n\nRoute [dashboard] not defined."},{"test":"Tests\\Feature\\ExampleTest::test_the_application_returns_a_successful_response","file":"C:\\Users\\raiha\\.gemini\\antigravity\\scratch\\technova\\tests\\Feature\\ExampleTest.php","line":13,"message":"Expected response status code [200] but received 500.\nFailed asserting that 500 is identical to 200.\r\n\r\nThe following exception occurred during the last request:\n\nPDOException: SQLSTATE[HY000]: General error: 1 no such table: products in C:\\Users\\raiha\\.gemini\\antigravity\\scratch\\technova\\vendor\\laravel\\framework\\src\\Illuminate\\Database\\Connection.php:421\nStack trace:\n#0 C:\\Users\\raiha\\.gemini\\antigravity\\scratch\\technova\\vendor\\laravel\\framework\\src\\Illuminate\\Database\\Connection.php(421): PDO->prepare('select * from \"..')\n#1 C:\\Users\\raiha\\.gemini\\antigravity\\scratch\\technova\\vendor\\laravel\\framework\\src\\Illuminate\\Database\\Connection.php(830): Illuminate\\Database\\Connection->Illuminate\\Database\\{closure}('select * from \"..', Array)\n#2 C:\\Users\\raiha\\.gemini\\antigravity\\scratch\\technova\\vendor\\laravel\\framework\\src\\Illuminate\\Database\\Connection.php(797): Illuminate\\Database\\Connection->runQueryCallback('select * from \"..', Array, Object(Closure))\n#3 C:\\Users\\raiha\\.gemini\\antigravity\\scratch\\technova\\vendor\\laravel\\framework\\src\\Illuminate\\Database\\Connection.php(412): Illuminate\\Database\\Connection->run('select * from \"..', Array, Object(Closure))\n#4 C:\\Users\\raiha\\.gemini\\antigravity\\scratch\\technova\\vendor\\laravel\\framework\\src\\Illuminate\\Database\\Query\\Builder.php(3567): Illuminate\\Database\\Connection->select('select * from \"..', Array, true, Array)\n#5 C:\\Users\\raiha\\.gemini\\antigravity\\scratch\\technova\\vendor\\laravel\\framework\\src\\Illuminate\\Database\\Query\\Builder.php(3551): Illuminate\\Database\\Query\\Builder->runSelect()\n#6 C:\\Users\\raiha\\.gemini\\antigravity\\scratch\\technova\\vendor\\laravel\\framework\\src\\Illuminate\\Database\\Eloquent\\Builder.php(908): Illuminate\\Database\\Query\\Builder->get(Array)\n#7 C:\\Users\\raiha\\.gemini\\antigravity\\scratch\\technova\\vendor\\laravel\\framework\\src\\Illuminate\\Database\\Eloquent\\Builder.php(890): Illuminate\\Database\\Eloquent\\Builder->getModels(Array)\n#8 C:\\Users\\raiha\\.gemini\\antigravity\\scratch\\technova\\app\\Http\\Controllers\\ShopController.php(75): Illuminate\\Database\\Eloquent\\Builder->get()\n#9 C:\\Users\\raiha\\.gemini\\antigravity\\scratch\\technova\\vendor\\laravel\\framework\\src\\Illuminate\\Routing\\ControllerDispatcher.php(46): App\\Http\\Controllers\\ShopController->home()\n#10 C:\\Users\\raiha\\.gemini\\antigravity\\scratch\\technova\\vendor\\laravel\\framework\\src\\Illuminate\\Routing\\Route.php(269): Illuminate\\Routing\\ControllerDispatcher->dispatch(Object(Illuminate\\Routing\\Route), Object(App\\Http\\Controllers\\ShopController), 'home')\n#11 C:\\Users\\raiha\\.gemini\\antigravity\\scratch\\technova\\vendor\\laravel\\framework\\src\\Illuminate\\Routing\\Route.php(215): Illuminate\\Routing\\Route->runController()\n#12 C:\\Users\\raiha\\.gemini\\antigravity\\scratch\\technova\\vendor\\laravel\\framework\\src\\Illuminate\\Routing\\Router.php(822): Illuminate\\Routing\\Route->run()\n#13 C:\\Users\\raiha\\.gemini\\antigravity\\scratch\\technova\\vendor\\laravel\\framework\\src\\Illuminate\\Pipeline\\Pipeline.php(180): Illuminate\\Routing\\Router->Illuminate\\Routing\\{closure}(Object(Illuminate\\Http\\Request))\n#14 C:\\Users\\raiha\\.gemini\\antigravity\\scratch\\technova\\vendor\\laravel\\framework\\src\\Illuminate\\Routing\\Middleware\\SubstituteBindings.php(52): Illuminate\\Pipeline\\Pipeline->Illuminate\\Pipeline\\{closure}(Object(Illuminate\\Http\\Request))\n#15 C:\\Users\\raiha\\.gemini\\antigravity\\scratch\\technova\\vendor\\laravel\\framework\\src\\Illuminate\\Pipeline\\Pipeline.php(219): Illuminate\\Routing\\Middleware\\SubstituteBindings->handle(Object(Illuminate\\Http\\Request), Object(Closure))\n#16 C:\\Users\\raiha\\.gemini\\antigravity\\scratch\\technova\\vendor\\laravel\\framework\\src\\Illuminate\\Foundation\\Http\\Middleware\\PreventRequestForgery.php(104): Illuminate\\Pipeline\\Pipeline->Illuminate\\Pipeline\\{closure}(Object(Illuminate\\Http\\Request))\n#17 C:\\Users\\raiha\\.gemini\\antigravity\\scratch\\technova\\vendor\\laravel\\framework\\src\\Illuminate\\Pipeline\\Pipeline.php(219): Illuminate\\Foundation\\Http\\Middleware\\PreventRequestForgery->handle(Object(Illuminate\\Http\\Request), Object(Closure))\n#18 C:\\Users\\raiha\\.gemini\\antigravity\\scratch\\technova\\vendor\\laravel\\framework\\src\\Illuminate\\View\\Middleware\\ShareErrorsFromSession.php(48): Illuminate\\Pipeline\\Pipeline->Illuminate\\Pipeline\\{closure}(Object(Illuminate\\Http\\Request))\n#19 C:\\Users\\raiha\\.gemini\\antigravity\\scratch\\technova\\vendor\\laravel\\framework\\src\\Illuminate\\Pipeline\\Pipeline.php(219): Illuminate\\View\\Middleware\\ShareErrorsFromSession->handle(Object(Illuminate\\Http\\Request), Object(Closure))\n#20 C:\\Users\\raiha\\.gemini\\antigravity\\scratch\\technova\\vendor\\laravel\\framework\\src\\Illuminate\\Session\\Middleware\\StartSession.php(120): Illuminate\\Pipeline\\Pipeline->Illuminate\\Pipeline\\{closure}(Object(Illuminate\\Http\\Request))\n#21 C:\\Users\\raiha\\.gemini\\antigravity\\scratch\\technova\\vendor\\laravel\\framework\\src\\Illuminate\\Session\\Middleware\\StartSession.php(63): Illuminate\\Session\\Middleware\\StartSession->handleStatefulRequest(Object(Illuminate\\Http\\Request), Object(Illuminate\\Session\\Store), Object(Closure))\n#22 C:\\Users\\raiha\\.gemini\\antigravity\\scratch\\technova\\vendor\\laravel\\framework\\src\\Illuminate\\Pipeline\\Pipeline.php(219): Illuminate\\Session\\Middleware\\StartSession->handle(Object(Illuminate\\Http\\Request), Object(Closure))\n#23 C:\\Users\\raiha\\.gemini\\antigravity\\scratch\\technova\\vendor\\laravel\\framework\\src\\Illuminate\\Cookie\\Middleware\\AddQueuedCookiesToResponse.php(36): Illuminate\\Pipeline\\Pipeline->Illuminate\\Pipeline\\{closure}(Object(Illuminate\\Http\\Request))\n#24 C:\\Users\\raiha\\.gemini\\antigravity\\scratch\\technova\\vendor\\laravel\\framework\\src\\Illuminate\\Pipeline\\Pipeline.php(219): Illuminate\\Cookie\\Middleware\\AddQueuedCookiesToResponse->handle(Object(Illuminate\\Http\\Request), Object(Closure))\n#25 C:\\Users\\raiha\\.gemini\\antigravity\\scratch\\technova\\vendor\\laravel\\framework\\src\\Illuminate\\Cookie\\Middleware\\EncryptCookies.php(74): Illuminate\\Pipeline\\Pipeline->Illuminate\\Pipeline\\{closure}(Object(Illuminate\\Http\\Request))\n#26 C:\\Users\\raiha\\.gemini\\antigravity\\scratch\\technova\\vendor\\laravel\\framework\\src\\Illuminate\\Pipeline\\Pipeline.php(219): Illuminate\\Cookie\\Middleware\\EncryptCookies->handle(Object(Illuminate\\Http\\Request), Object(Closure))\n#27 C:\\Users\\raiha\\.gemini\\antigravity\\scratch\\technova\\vendor\\laravel\\framework\\src\\Illuminate\\Pipeline\\Pipeline.php(137): Illuminate\\Pipeline\\Pipeline->Illuminate\\Pipeline\\{closure}(Object(Illuminate\\Http\\Request))\n#28 C:\\Users\\raiha\\.gemini\\antigravity\\scratch\\technova\\vendor\\laravel\\framework\\src\\Illuminate\\Routing\\Router.php(821): Illuminate\\Pipeline\\Pipeline->then(Object(Closure))\n#29 C:\\Users\\raiha\\.gemini\\antigravity\\scratch\\technova\\vendor\\laravel\\framework\\src\\Illuminate\\Routing\\Router.php(800): Illuminate\\Routing\\Router->runRouteWithinStack(Object(Illuminate\\Routing\\Route), Object(Illuminate\\Http\\Request))\n#30 C:\\Users\\raiha\\.gemini\\antigravity\\scratch\\technova\\vendor\\laravel\\framework\\src\\Illuminate\\Routing\\Router.php(764): Illuminate\\Routing\\Router->runRoute(Object(Illuminate\\Http\\Request), Object(Illuminate\\Routing\\Route))\n#31 C:\\Users\\raiha\\.gemini\\antigravity\\scratch\\technova\\vendor\\laravel\\framework\\src\\Illuminate\\Routing\\Router.php(753): Illuminate\\Routing\\Router->dispatchToRoute(Object(Illuminate\\Http\\Request))\n#32 C:\\Users\\raiha\\.gemini\\antigravity\\scratch\\technova\\vendor\\laravel\\framework\\src\\Illuminate\\Foundation\\Http\\Kernel.php(200): Illuminate\\Routing\\Router->dispatch(Object(Illuminate\\Http\\Request))\n#33 C:\\Users\\raiha\\.gemini\\antigravity\\scratch\\technova\\vendor\\laravel\\framework\\src\\Illuminate\\Pipeline\\Pipeline.php(180): Illuminate\\Foundation\\Http\\Kernel->Illuminate\\Foundation\\Http\\{closure}(Object(Illuminate\\Http\\Request))\n#34 C:\\Users\\raiha\\.gemini\\antigravity\\scratch\\technova\\vendor\\laravel\\framework\\src\\Illuminate\\Foundation\\Http\\Middleware\\TransformsRequest.php(21): Illuminate\\Pipeline\\Pipeline->Illuminate\\Pipeline\\{closure}(Object(Illuminate\\Http\\Request))\n#35 C:\\Users\\raiha\\.gemini\\antigravity\\scratch\\technova\\vendor\\laravel\\framework\\src\\Illuminate\\Foundation\\Http\\Middleware\\ConvertEmptyStringsToNull.php(31): Illuminate\\Foundation\\Http\\Middleware\\TransformsRequest->handle(Object(Illuminate\\Http\\Request), Object(Closure))\n#36 C:\\Users\\raiha\\.gemini\\antigravity\\scratch\\technova\\vendor\\laravel\\framework\\src\\Illuminate\\Pipeline\\Pipeline.php(219): Illuminate\\Foundation\\Http\\Middleware\\ConvertEmptyStringsToNull->handle(Object(Illuminate\\Http\\Request), Object(Closure))\n#37 C:\\Users\\raiha\\.gemini\\antigravity\\scratch\\technova\\vendor\\laravel\\framework\\src\\Illuminate\\Foundation\\Http\\Middleware\\TransformsRequest.php(21): Illuminate\\Pipeline\\Pipeline->Illuminate\\Pipeline\\{closure}(Object(Illuminate\\Http\\Request))\n#38 C:\\Users\\raiha\\.gemini\\antigravity\\scratch\\technova\\vendor\\laravel\\framework\\src\\Illuminate\\Foundation\\Http\\Middleware\\TrimStrings.php(51): Illuminate\\Foundation\\Http\\Middleware\\TransformsRequest->handle(Object(Illuminate\\Http\\Request), Object(Closure))\n#39 C:\\Users\\raiha\\.gemini\\antigravity\\scratch\\technova\\vendor\\laravel\\framework\\src\\Illuminate\\Pipeline\\Pipeline.php(219): Illuminate\\Foundation\\Http\\Middleware\\TrimStrings->handle(Object(Illuminate\\Http\\Request), Object(Closure))\n#40 C:\\Users\\raiha\\.gemini\\antigravity\\scratch\\technova\\vendor\\laravel\\framework\\src\\Illuminate\\Http\\Middleware\\ValidatePostSize.php(27): Illuminate\\Pipeline\\Pipeline->Illuminate\\Pipeline\\{closure}(Object(Illuminate\\Http\\Request))\n#41 C:\\Users\\raiha\\.gemini\\antigravity\\scratch\\technova\\vendor\\laravel\\framework\\src\\Illuminate\\Pipeline\\Pipeline.php(219): Illuminate\\Http\\Middleware\\ValidatePostSize->handle(Object(Illuminate\\Http\\Request), Object(Closure))\n#42 C:\\Users\\raiha\\.gemini\\antigravity\\scratch\\technova\\vendor\\laravel\\framework\\src\\Illuminate\\Foundation\\Http\\Middleware\\PreventRequestsDuringMaintenance.php(109): Illuminate\\Pipeline\\Pipeline->Illuminate\\Pipeline\\{closure}(Object(Illuminate\\Http\\Request))\n#43 C:\\Users\\raiha\\.gemini\\antigravity\\scratch\\technova\\vendor\\laravel\\framework\\src\\Illuminate\\Pipeline\\Pipeline.php(219): Illuminate\\Foundation\\Http\\Middleware\\PreventRequestsDuringMaintenance->handle(Object(Illuminate\\Http\\Request), Object(Closure))\n#44 C:\\Users\\raiha\\.gemini\\antigravity\\scratch\\technova\\vendor\\laravel\\framework\\src\\Illuminate\\Http\\Middleware\\HandleCors.php(61): Illuminate\\Pipeline\\Pipeline->Illuminate\\Pipeline\\{closure}(Object(Illuminate\\Http\\Request))\n#45 C:\\Users\\raiha\\.gemini\\antigravity\\scratch\\technova\\vendor\\laravel\\framework\\src\\Illuminate\\Pipeline\\Pipeline.php(219): Illuminate\\Http\\Middleware\\HandleCors->handle(Object(Illuminate\\Http\\Request), Object(Closure))\n#46 C:\\Users\\raiha\\.gemini\\antigravity\\scratch\\technova\\vendor\\laravel\\framework\\src\\Illuminate\\Http\\Middleware\\TrustProxies.php(58): Illuminate\\Pipeline\\Pipeline->Illuminate\\Pipeline\\{closure}(Object(Illuminate\\Http\\Request))\n#47 C:\\Users\\raiha\\.gemini\\antigravity\\scratch\\technova\\vendor\\laravel\\framework\\src\\Illuminate\\Pipeline\\Pipeline.php(219): Illuminate\\Http\\Middleware\\TrustProxies->handle(Object(Illuminate\\Http\\Request), Object(Closure))\n#48 C:\\Users\\raiha\\.gemini\\antigravity\\scratch\\technova\\vendor\\laravel\\framework\\src\\Illuminate\\Foundation\\Http\\Middleware\\InvokeDeferredCallbacks.php(22): Illuminate\\Pipeline\\Pipeline->Illuminate\\Pipeline\\{closure}(Object(Illuminate\\Http\\Request))\n#49 C:\\Users\\raiha\\.gemini\\antigravity\\scratch\\technova\\vendor\\laravel\\framework\\src\\Illuminate\\Pipeline\\Pipeline.php(219): Illuminate\\Foundation\\Http\\Middleware\\InvokeDeferredCallbacks->handle(Object(Illuminate\\Http\\Request), Object(Closure))\n#50 C:\\Users\\raiha\\.gemini\\antigravity\\scratch\\technova\\vendor\\laravel\\framework\\src\\Illuminate\\Http\\Middleware\\ValidatePathEncoding.php(28): Illuminate\\Pipeline\\Pipeline->Illuminate\\Pipeline\\{closure}(Object(Illuminate\\Http\\Request))\n#51 C:\\Users\\raiha\\.gemini\\antigravity\\scratch\\technova\\vendor\\laravel\\framework\\src\\Illuminate\\Pipeline\\Pipeline.php(219): Illuminate\\Http\\Middleware\\ValidatePathEncoding->handle(Object(Illuminate\\Http\\Request), Object(Closure))\n#52 C:\\Users\\raiha\\.gemini\\antigravity\\scratch\\technova\\vendor\\laravel\\framework\\src\\Illuminate\\Pipeline\\Pipeline.php(137): Illuminate\\Pipeline\\Pipeline->Illuminate\\Pipeline\\{closure}(Object(Illuminate\\Http\\Request))\n#53 C:\\Users\\raiha\\.gemini\\antigravity\\scratch\\technova\\vendor\\laravel\\framework\\src\\Illuminate\\Foundation\\Http\\Kernel.php(175): Illuminate\\Pipeline\\Pipeline->then(Object(Closure))\n#54 C:\\Users\\raiha\\.gemini\\antigravity\\scratch\\technova\\vendor\\laravel\\framework\\src\\Illuminate\\Foundation\\Http\\Kernel.php(144): Illuminate\\Foundation\\Http\\Kernel->sendRequestThroughRouter(Object(Illuminate\\Http\\Request))\n#55 C:\\Users\\raiha\\.gemini\\antigravity\\scratch\\technova\\vendor\\laravel\\framework\\src\\Illuminate\\Foundation\\Testing\\Concerns\\MakesHttpRequests.php(607): Illuminate\\Foundation\\Http\\Kernel->handle(Object(Illuminate\\Http\\Request))\n#56 C:\\Users\\raiha\\.gemini\\antigravity\\scratch\\technova\\vendor\\laravel\\framework\\src\\Illuminate\\Foundation\\Testing\\Concerns\\MakesHttpRequests.php(368): Illuminate\\Foundation\\Testing\\TestCase->call('GET', '/', Array, Array, Array, Array)\n#57 C:\\Users\\raiha\\.gemini\\antigravity\\scratch\\technova\\tests\\Feature\\ExampleTest.php(15): Illuminate\\Foundation\\Testing\\TestCase->get('/')\n#58 C:\\Users\\raiha\\.gemini\\antigravity\\scratch\\technova\\vendor\\phpunit\\phpunit\\src\\Framework\\TestCase.php(1314): Tests\\Feature\\ExampleTest->test_the_application_returns_a_successful_response()\n#59 C:\\Users\\raiha\\.gemini\\antigravity\\scratch\\technova\\vendor\\phpunit\\phpunit\\src\\Framework\\TestCase.php(1351): PHPUnit\\Framework\\TestCase->invokeTestMethod('test_the_applic..', Array)\n#60 C:\\Users\\raiha\\.gemini\\antigravity\\scratch\\technova\\vendor\\phpunit\\phpunit\\src\\Framework\\TestCase.php(521): PHPUnit\\Framework\\TestCase->runTest()\n#61 C:\\Users\\raiha\\.gemini\\antigravity\\scratch\\technova\\vendor\\phpunit\\phpunit\\src\\Framework\\TestRunner\\TestRunner.php(99): PHPUnit\\Framework\\TestCase->runBare()\n#62 C:\\Users\\raiha\\.gemini\\antigravity\\scratch\\technova\\vendor\\phpunit\\phpunit\\src\\Framework\\TestCase.php(361): PHPUnit\\Framework\\TestRunner->run(Object(Tests\\Feature\\ExampleTest))\n#63 C:\\Users\\raiha\\.gemini\\antigravity\\scratch\\technova\\vendor\\phpunit\\phpunit\\src\\Framework\\TestSuite.php(374): PHPUnit\\Framework\\TestCase->run()\n#64 C:\\Users\\raiha\\.gemini\\antigravity\\scratch\\technova\\vendor\\phpunit\\phpunit\\src\\Framework\\TestSuite.php(374): PHPUnit\\Framework\\TestSuite->run()\n#65 C:\\Users\\raiha\\.gemini\\antigravity\\scratch\\technova\\vendor\\phpunit\\phpunit\\src\\Framework\\TestSuite.php(374): PHPUnit\\Framework\\TestSuite->run()\n#66 C:\\Users\\raiha\\.gemini\\antigravity\\scratch\\technova\\vendor\\phpunit\\phpunit\\src\\TextUI\\TestRunner.php(64): PHPUnit\\Framework\\TestSuite->run()\n#67 C:\\Users\\raiha\\.gemini\\antigravity\\scratch\\technova\\vendor\\phpunit\\phpunit\\src\\TextUI\\Application.php(229): PHPUnit\\TextUI\\TestRunner->run(Object(PHPUnit\\TextUI\\Configuration\\Configuration), Object(PHPUnit\\Runner\\ResultCache\\DefaultResultCache), Object(PHPUnit\\Framework\\TestSuite))\n#68 C:\\Users\\raiha\\.gemini\\antigravity\\scratch\\technova\\vendor\\phpunit\\phpunit\\phpunit(104): PHPUnit\\TextUI\\Application->run(Array)\n#69 {main}\n\nNext Illuminate\\Database\\QueryException: SQLSTATE[HY000]: General error: 1 no such table: products (Connection: sqlite, Database: :memory:, SQL: select * from \"products\" where \"is_featured\" = 1 and \"is_active\" = 1 limit 8) in C:\\Users\\raiha\\.gemini\\antigravity\\scratch\\technova\\vendor\\laravel\\framework\\src\\Illuminate\\Database\\Connection.php:841\nStack trace:\n#0 C:\\Users\\raiha\\.gemini\\antigravity\\scratch\\technova\\vendor\\laravel\\framework\\src\\Illuminate\\Database\\Connection.php(797): Illuminate\\Database\\Connection->runQueryCallback('select * from \"..', Array, Object(Closure))\n#1 C:\\Users\\raiha\\.gemini\\antigravity\\scratch\\technova\\vendor\\laravel\\framework\\src\\Illuminate\\Database\\Connection.php(412): Illuminate\\Database\\Connection->run('select * from \"..', Array, Object(Closure))\n#2 C:\\Users\\raiha\\.gemini\\antigravity\\scratch\\technova\\vendor\\laravel\\framework\\src\\Illuminate\\Database\\Query\\Builder.php(3567): Illuminate\\Database\\Connection->select('select * from \"..', Array, true, Array)\n#3 C:\\Users\\raiha\\.gemini\\antigravity\\scratch\\technova\\vendor\\laravel\\framework\\src\\Illuminate\\Database\\Query\\Builder.php(3551): Illuminate\\Database\\Query\\Builder->runSelect()\n#4 C:\\Users\\raiha\\.gemini\\antigravity\\scratch\\technova\\vendor\\laravel\\framework\\src\\Illuminate\\Database\\Eloquent\\Builder.php(908): Illuminate\\Database\\Query\\Builder->get(Array)\n#5 C:\\Users\\raiha\\.gemini\\antigravity\\scratch\\technova\\vendor\\laravel\\framework\\src\\Illuminate\\Database\\Eloquent\\Builder.php(890): Illuminate\\Database\\Eloquent\\Builder->getModels(Array)\n#6 C:\\Users\\raiha\\.gemini\\antigravity\\scratch\\technova\\app\\Http\\Controllers\\ShopController.php(75): Illuminate\\Database\\Eloquent\\Builder->get()\n#7 C:\\Users\\raiha\\.gemini\\antigravity\\scratch\\technova\\vendor\\laravel\\framework\\src\\Illuminate\\Routing\\ControllerDispatcher.php(46): App\\Http\\Controllers\\ShopController->home()\n#8 C:\\Users\\raiha\\.gemini\\antigravity\\scratch\\technova\\vendor\\laravel\\framework\\src\\Illuminate\\Routing\\Route.php(269): Illuminate\\Routing\\ControllerDispatcher->dispatch(Object(Illuminate\\Routing\\Route), Object(App\\Http\\Controllers\\ShopController), 'home')\n#9 C:\\Users\\raiha\\.gemini\\antigravity\\scratch\\technova\\vendor\\laravel\\framework\\src\\Illuminate\\Routing\\Route.php(215): Illuminate\\Routing\\Route->runController()\n#10 C:\\Users\\raiha\\.gemini\\antigravity\\scratch\\technova\\vendor\\laravel\\framework\\src\\Illuminate\\Routing\\Router.php(822): Illuminate\\Routing\\Route->run()\n#11 C:\\Users\\raiha\\.gemini\\antigravity\\scratch\\technova\\vendor\\laravel\\framework\\src\\Illuminate\\Pipeline\\Pipeline.php(180): Illuminate\\Routing\\Router->Illuminate\\Routing\\{closure}(Object(Illuminate\\Http\\Request))\n#12 C:\\Users\\raiha\\.gemini\\antigravity\\scratch\\technova\\vendor\\laravel\\framework\\src\\Illuminate\\Routing\\Middleware\\SubstituteBindings.php(52): Illuminate\\Pipeline\\Pipeline->Illuminate\\Pipeline\\{closure}(Object(Illuminate\\Http\\Request))\n#13 C:\\Users\\raiha\\.gemini\\antigravity\\scratch\\technova\\vendor\\laravel\\framework\\src\\Illuminate\\Pipeline\\Pipeline.php(219): Illuminate\\Routing\\Middleware\\SubstituteBindings->handle(Object(Illuminate\\Http\\Request), Object(Closure))\n#14 C:\\Users\\raiha\\.gemini\\antigravity\\scratch\\technova\\vendor\\laravel\\framework\\src\\Illuminate\\Foundation\\Http\\Middleware\\PreventRequestForgery.php(104): Illuminate\\Pipeline\\Pipeline->Illuminate\\Pipeline\\{closure}(Object(Illuminate\\Http\\Request))\n#15 C:\\Users\\raiha\\.gemini\\antigravity\\scratch\\technova\\vendor\\laravel\\framework\\src\\Illuminate\\Pipeline\\Pipeline.php(219): Illuminate\\Foundation\\Http\\Middleware\\PreventRequestForgery->handle(Object(Illuminate\\Http\\Request), Object(Closure))\n#16 C:\\Users\\raiha\\.gemini\\antigravity\\scratch\\technova\\vendor\\laravel\\framework\\src\\Illuminate\\View\\Middleware\\ShareErrorsFromSession.php(48): Illuminate\\Pipeline\\Pipeline->Illuminate\\Pipeline\\{closure}(Object(Illuminate\\Http\\Request))\n#17 C:\\Users\\raiha\\.gemini\\antigravity\\scratch\\technova\\vendor\\laravel\\framework\\src\\Illuminate\\Pipeline\\Pipeline.php(219): Illuminate\\View\\Middleware\\ShareErrorsFromSession->handle(Object(Illuminate\\Http\\Request), Object(Closure))\n#18 C:\\Users\\raiha\\.gemini\\antigravity\\scratch\\technova\\vendor\\laravel\\framework\\src\\Illuminate\\Session\\Middleware\\StartSession.php(120): Illuminate\\Pipeline\\Pipeline->Illuminate\\Pipeline\\{closure}(Object(Illuminate\\Http\\Request))\n#19 C:\\Users\\raiha\\.gemini\\antigravity\\scratch\\technova\\vendor\\laravel\\framework\\src\\Illuminate\\Session\\Middleware\\StartSession.php(63): Illuminate\\Session\\Middleware\\StartSession->handleStatefulRequest(Object(Illuminate\\Http\\Request), Object(Illuminate\\Session\\Store), Object(Closure))\n#20 C:\\Users\\raiha\\.gemini\\antigravity\\scratch\\technova\\vendor\\laravel\\framework\\src\\Illuminate\\Pipeline\\Pipeline.php(219): Illuminate\\Session\\Middleware\\StartSession->handle(Object(Illuminate\\Http\\Request), Object(Closure))\n#21 C:\\Users\\raiha\\.gemini\\antigravity\\scratch\\technova\\vendor\\laravel\\framework\\src\\Illuminate\\Cookie\\Middleware\\AddQueuedCookiesToResponse.php(36): Illuminate\\Pipeline\\Pipeline->Illuminate\\Pipeline\\{closure}(Object(Illuminate\\Http\\Request))\n#22 C:\\Users\\raiha\\.gemini\\antigravity\\scratch\\technova\\vendor\\laravel\\framework\\src\\Illuminate\\Pipeline\\Pipeline.php(219): Illuminate\\Cookie\\Middleware\\AddQueuedCookiesToResponse->handle(Object(Illuminate\\Http\\Request), Object(Closure))\n#23 C:\\Users\\raiha\\.gemini\\antigravity\\scratch\\technova\\vendor\\laravel\\framework\\src\\Illuminate\\Cookie\\Middleware\\EncryptCookies.php(74): Illuminate\\Pipeline\\Pipeline->Illuminate\\Pipeline\\{closure}(Object(Illuminate\\Http\\Request))\n#24 C:\\Users\\raiha\\.gemini\\antigravity\\scratch\\technova\\vendor\\laravel\\framework\\src\\Illuminate\\Pipeline\\Pipeline.php(219): Illuminate\\Cookie\\Middleware\\EncryptCookies->handle(Object(Illuminate\\Http\\Request), Object(Closure))\n#25 C:\\Users\\raiha\\.gemini\\antigravity\\scratch\\technova\\vendor\\laravel\\framework\\src\\Illuminate\\Pipeline\\Pipeline.php(137): Illuminate\\Pipeline\\Pipeline->Illuminate\\Pipeline\\{closure}(Object(Illuminate\\Http\\Request))\n#26 C:\\Users\\raiha\\.gemini\\antigravity\\scratch\\technova\\vendor\\laravel\\framework\\src\\Illuminate\\Routing\\Router.php(821): Illuminate\\Pipeline\\Pipeline->then(Object(Closure))\n#27 C:\\Users\\raiha\\.gemini\\antigravity\\scratch\\technova\\vendor\\laravel\\framework\\src\\Illuminate\\Routing\\Router.php(800): Illuminate\\Routing\\Router->runRouteWithinStack(Object(Illuminate\\Routing\\Route), Object(Illuminate\\Http\\Request))\n#28 C:\\Users\\raiha\\.gemini\\antigravity\\scratch\\technova\\vendor\\laravel\\framework\\src\\Illuminate\\Routing\\Router.php(764): Illuminate\\Routing\\Router->runRoute(Object(Illuminate\\Http\\Request), Object(Illuminate\\Routing\\Route))\n#29 C:\\Users\\raiha\\.gemini\\antigravity\\scratch\\technova\\vendor\\laravel\\framework\\src\\Illuminate\\Routing\\Router.php(753): Illuminate\\Routing\\Router->dispatchToRoute(Object(Illuminate\\Http\\Request))\n#30 C:\\Users\\raiha\\.gemini\\antigravity\\scratch\\technova\\vendor\\laravel\\framework\\src\\Illuminate\\Foundation\\Http\\Kernel.php(200): Illuminate\\Routing\\Router->dispatch(Object(Illuminate\\Http\\Request))\n#31 C:\\Users\\raiha\\.gemini\\antigravity\\scratch\\technova\\vendor\\laravel\\framework\\src\\Illuminate\\Pipeline\\Pipeline.php(180): Illuminate\\Foundation\\Http\\Kernel->Illuminate\\Foundation\\Http\\{closure}(Object(Illuminate\\Http\\Request))\n#32 C:\\Users\\raiha\\.gemini\\antigravity\\scratch\\technova\\vendor\\laravel\\framework\\src\\Illuminate\\Foundation\\Http\\Middleware\\TransformsRequest.php(21): Illuminate\\Pipeline\\Pipeline->Illuminate\\Pipeline\\{closure}(Object(Illuminate\\Http\\Request))\n#33 C:\\Users\\raiha\\.gemini\\antigravity\\scratch\\technova\\vendor\\laravel\\framework\\src\\Illuminate\\Foundation\\Http\\Middleware\\ConvertEmptyStringsToNull.php(31): Illuminate\\Foundation\\Http\\Middleware\\TransformsRequest->handle(Object(Illuminate\\Http\\Request), Object(Closure))\n#34 C:\\Users\\raiha\\.gemini\\antigravity\\scratch\\technova\\vendor\\laravel\\framework\\src\\Illuminate\\Pipeline\\Pipeline.php(219): Illuminate\\Foundation\\Http\\Middleware\\ConvertEmptyStringsToNull->handle(Object(Illuminate\\Http\\Request), Object(Closure))\n#35 C:\\Users\\raiha\\.gemini\\antigravity\\scratch\\technova\\vendor\\laravel\\framework\\src\\Illuminate\\Foundation\\Http\\Middleware\\TransformsRequest.php(21): Illuminate\\Pipeline\\Pipeline->Illuminate\\Pipeline\\{closure}(Object(Illuminate\\Http\\Request))\n#36 C:\\Users\\raiha\\.gemini\\antigravity\\scratch\\technova\\vendor\\laravel\\framework\\src\\Illuminate\\Foundation\\Http\\Middleware\\TrimStrings.php(51): Illuminate\\Foundation\\Http\\Middleware\\TransformsRequest->handle(Object(Illuminate\\Http\\Request), Object(Closure))\n#37 C:\\Users\\raiha\\.gemini\\antigravity\\scratch\\technova\\vendor\\laravel\\framework\\src\\Illuminate\\Pipeline\\Pipeline.php(219): Illuminate\\Foundation\\Http\\Middleware\\TrimStrings->handle(Object(Illuminate\\Http\\Request), Object(Closure))\n#38 C:\\Users\\raiha\\.gemini\\antigravity\\scratch\\technova\\vendor\\laravel\\framework\\src\\Illuminate\\Http\\Middleware\\ValidatePostSize.php(27): Illuminate\\Pipeline\\Pipeline->Illuminate\\Pipeline\\{closure}(Object(Illuminate\\Http\\Request))\n#39 C:\\Users\\raiha\\.gemini\\antigravity\\scratch\\technova\\vendor\\laravel\\framework\\src\\Illuminate\\Pipeline\\Pipeline.php(219): Illuminate\\Http\\Middleware\\ValidatePostSize->handle(Object(Illuminate\\Http\\Request), Object(Closure))\n#40 C:\\Users\\raiha\\.gemini\\antigravity\\scratch\\technova\\vendor\\laravel\\framework\\src\\Illuminate\\Foundation\\Http\\Middleware\\PreventRequestsDuringMaintenance.php(109): Illuminate\\Pipeline\\Pipeline->Illuminate\\Pipeline\\{closure}(Object(Illuminate\\Http\\Request))\n#41 C:\\Users\\raiha\\.gemini\\antigravity\\scratch\\technova\\vendor\\laravel\\framework\\src\\Illuminate\\Pipeline\\Pipeline.php(219): Illuminate\\Foundation\\Http\\Middleware\\PreventRequestsDuringMaintenance->handle(Object(Illuminate\\Http\\Request), Object(Closure))\n#42 C:\\Users\\raiha\\.gemini\\antigravity\\scratch\\technova\\vendor\\laravel\\framework\\src\\Illuminate\\Http\\Middleware\\HandleCors.php(61): Illuminate\\Pipeline\\Pipeline->Illuminate\\Pipeline\\{closure}(Object(Illuminate\\Http\\Request))\n#43 C:\\Users\\raiha\\.gemini\\antigravity\\scratch\\technova\\vendor\\laravel\\framework\\src\\Illuminate\\Pipeline\\Pipeline.php(219): Illuminate\\Http\\Middleware\\HandleCors->handle(Object(Illuminate\\Http\\Request), Object(Closure))\n#44 C:\\Users\\raiha\\.gemini\\antigravity\\scratch\\technova\\vendor\\laravel\\framework\\src\\Illuminate\\Http\\Middleware\\TrustProxies.php(58): Illuminate\\Pipeline\\Pipeline->Illuminate\\Pipeline\\{closure}(Object(Illuminate\\Http\\Request))\n#45 C:\\Users\\raiha\\.gemini\\antigravity\\scratch\\technova\\vendor\\laravel\\framework\\src\\Illuminate\\Pipeline\\Pipeline.php(219): Illuminate\\Http\\Middleware\\TrustProxies->handle(Object(Illuminate\\Http\\Request), Object(Closure))\n#46 C:\\Users\\raiha\\.gemini\\antigravity\\scratch\\technova\\vendor\\laravel\\framework\\src\\Illuminate\\Foundation\\Http\\Middleware\\InvokeDeferredCallbacks.php(22): Illuminate\\Pipeline\\Pipeline->Illuminate\\Pipeline\\{closure}(Object(Illuminate\\Http\\Request))\n#47 C:\\Users\\raiha\\.gemini\\antigravity\\scratch\\technova\\vendor\\laravel\\framework\\src\\Illuminate\\Pipeline\\Pipeline.php(219): Illuminate\\Foundation\\Http\\Middleware\\InvokeDeferredCallbacks->handle(Object(Illuminate\\Http\\Request), Object(Closure))\n#48 C:\\Users\\raiha\\.gemini\\antigravity\\scratch\\technova\\vendor\\laravel\\framework\\src\\Illuminate\\Http\\Middleware\\ValidatePathEncoding.php(28): Illuminate\\Pipeline\\Pipeline->Illuminate\\Pipeline\\{closure}(Object(Illuminate\\Http\\Request))\n#49 C:\\Users\\raiha\\.gemini\\antigravity\\scratch\\technova\\vendor\\laravel\\framework\\src\\Illuminate\\Pipeline\\Pipeline.php(219): Illuminate\\Http\\Middleware\\ValidatePathEncoding->handle(Object(Illuminate\\Http\\Request), Object(Closure))\n#50 C:\\Users\\raiha\\.gemini\\antigravity\\scratch\\technova\\vendor\\laravel\\framework\\src\\Illuminate\\Pipeline\\Pipeline.php(137): Illuminate\\Pipeline\\Pipeline->Illuminate\\Pipeline\\{closure}(Object(Illuminate\\Http\\Request))\n#51 C:\\Users\\raiha\\.gemini\\antigravity\\scratch\\technova\\vendor\\laravel\\framework\\src\\Illuminate\\Foundation\\Http\\Kernel.php(175): Illuminate\\Pipeline\\Pipeline->then(Object(Closure))\n#52 C:\\Users\\raiha\\.gemini\\antigravity\\scratch\\technova\\vendor\\laravel\\framework\\src\\Illuminate\\Foundation\\Http\\Kernel.php(144): Illuminate\\Foundation\\Http\\Kernel->sendRequestThroughRouter(Object(Illuminate\\Http\\Request))\n#53 C:\\Users\\raiha\\.gemini\\antigravity\\scratch\\technova\\vendor\\laravel\\framework\\src\\Illuminate\\Foundation\\Testing\\Concerns\\MakesHttpRequests.php(607): Illuminate\\Foundation\\Http\\Kernel->handle(Object(Illuminate\\Http\\Request))\n#54 C:\\Users\\raiha\\.gemini\\antigravity\\scratch\\technova\\vendor\\laravel\\framework\\src\\Illuminate\\Foundation\\Testing\\Concerns\\MakesHttpRequests.php(368): Illuminate\\Foundation\\Testing\\TestCase->call('GET', '/', Array, Array, Array, Array)\n#55 C:\\Users\\raiha\\.gemini\\antigravity\\scratch\\technova\\tests\\Feature\\ExampleTest.php(15): Illuminate\\Foundation\\Testing\\TestCase->get('/')\n#56 C:\\Users\\raiha\\.gemini\\antigravity\\scratch\\technova\\vendor\\phpunit\\phpunit\\src\\Framework\\TestCase.php(1314): Tests\\Feature\\ExampleTest->test_the_application_returns_a_successful_response()\n#57 C:\\Users\\raiha\\.gemini\\antigravity\\scratch\\technova\\vendor\\phpunit\\phpunit\\src\\Framework\\TestCase.php(1351): PHPUnit\\Framework\\TestCase->invokeTestMethod('test_the_applic..', Array)\n#58 C:\\Users\\raiha\\.gemini\\antigravity\\scratch\\technova\\vendor\\phpunit\\phpunit\\src\\Framework\\TestCase.php(521): PHPUnit\\Framework\\TestCase->runTest()\n#59 C:\\Users\\raiha\\.gemini\\antigravity\\scratch\\technova\\vendor\\phpunit\\phpunit\\src\\Framework\\TestRunner\\TestRunner.php(99): PHPUnit\\Framework\\TestCase->runBare()\n#60 C:\\Users\\raiha\\.gemini\\antigravity\\scratch\\technova\\vendor\\phpunit\\phpunit\\src\\Framework\\TestCase.php(361): PHPUnit\\Framework\\TestRunner->run(Object(Tests\\Feature\\ExampleTest))\n#61 C:\\Users\\raiha\\.gemini\\antigravity\\scratch\\technova\\vendor\\phpunit\\phpunit\\src\\Framework\\TestSuite.php(374): PHPUnit\\Framework\\TestCase->run()\n#62 C:\\Users\\raiha\\.gemini\\antigravity\\scratch\\technova\\vendor\\phpunit\\phpunit\\src\\Framework\\TestSuite.php(374): PHPUnit\\Framework\\TestSuite->run()\n#63 C:\\Users\\raiha\\.gemini\\antigravity\\scratch\\technova\\vendor\\phpunit\\phpunit\\src\\Framework\\TestSuite.php(374): PHPUnit\\Framework\\TestSuite->run()\n#64 C:\\Users\\raiha\\.gemini\\antigravity\\scratch\\technova\\vendor\\phpunit\\phpunit\\src\\TextUI\\TestRunner.php(64): PHPUnit\\Framework\\TestSuite->run()\n#65 C:\\Users\\raiha\\.gemini\\antigravity\\scratch\\technova\\vendor\\phpunit\\phpunit\\src\\TextUI\\Application.php(229): PHPUnit\\TextUI\\TestRunner->run(Object(PHPUnit\\TextUI\\Configuration\\Configuration), Object(PHPUnit\\Runner\\ResultCache\\DefaultResultCache), Object(PHPUnit\\Framework\\TestSuite))\n#66 C:\\Users\\raiha\\.gemini\\antigravity\\scratch\\technova\\vendor\\phpunit\\phpunit\\phpunit(104): PHPUnit\\TextUI\\Application->run(Array)\n#67 {main}\n\n----------------------------------------------------------------------------------\n\nSQLSTATE[HY000]: General error: 1 no such table: products (Connection: sqlite, Database: :memory:, SQL: select * from \"products\" where \"is_featured\" = 1 and \"is_active\" = 1 limit 8)"},{"test":"Tests\\Feature\\ProfileTest::test_profile_page_is_displayed","file":"C:\\Users\\raiha\\.gemini\\antigravity\\scratch\\technova\\tests\\Feature\\ProfileTest.php","line":13,"message":"Expected response status code [200] but received 404.\nFailed asserting that 404 is identical to 200."},{"test":"Tests\\Feature\\ProfileTest::test_profile_information_can_be_updated","file":"C:\\Users\\raiha\\.gemini\\antigravity\\scratch\\technova\\tests\\Feature\\ProfileTest.php","line":24,"message":"Expected response status code [201, 301, 302, 303, 307, 308] but received 404.\nFailed asserting that false is true."},{"test":"Tests\\Feature\\ProfileTest::test_email_verification_status_is_unchanged_when_the_email_address_is_unchanged","file":"C:\\Users\\raiha\\.gemini\\antigravity\\scratch\\technova\\tests\\Feature\\ProfileTest.php","line":46,"message":"Expected response status code [201, 301, 302, 303, 307, 308] but received 404.\nFailed asserting that false is true."},{"test":"Tests\\Feature\\ProfileTest::test_user_can_delete_their_account","file":"C:\\Users\\raiha\\.gemini\\antigravity\\scratch\\technova\\tests\\Feature\\ProfileTest.php","line":64,"message":"Expected response status code [201, 301, 302, 303, 307, 308] but received 404.\nFailed asserting that false is true."},{"test":"Tests\\Feature\\ProfileTest::test_correct_password_must_be_provided_to_delete_account","file":"C:\\Users\\raiha\\.gemini\\antigravity\\scratch\\technova\\tests\\Feature\\ProfileTest.php","line":82,"message":"Session is missing expected key [errors].\nFailed asserting that false is true."}],"errors":3,"error_details":[{"test":"Tests\\Feature\\Auth\\AuthenticationTest::test_users_can_authenticate_using_the_login_screen","file":"C:\\Users\\raiha\\.gemini\\antigravity\\scratch\\technova\\tests\\Feature\\Auth\\AuthenticationTest.php","line":20,"message":"Route [dashboard] not defined."},{"test":"Tests\\Feature\\Auth\\EmailVerificationTest::test_email_can_be_verified","file":"C:\\Users\\raiha\\.gemini\\antigravity\\scratch\\technova\\tests\\Feature\\Auth\\EmailVerificationTest.php","line":25,"message":"Route [dashboard] not defined."},{"test":"Tests\\Feature\\Auth\\RegistrationTest::test_new_users_can_register","file":"C:\\Users\\raiha\\.gemini\\antigravity\\scratch\\technova\\tests\\Feature\\Auth\\RegistrationTest.php","line":19,"message":"Route [dashboard] not defined."}]}
